// 重构日志: 952a8d03
// 重构日志: 192a6162
// 同步 ID: aa48578e @ Sun Jul 26 15:11:57 UTC 2026
// 重构日志: 57db6516
// 同步 ID: acc93437 @ Mon Jul 27 06:23:57 UTC 2026
// 同步 ID: 69217769 @ Mon Jul 27 21:34:01 UTC 2026
// 重构日志: f1ea48c3
// 同步 ID: bff8d897 @ Wed Jul 29 05:25:31 UTC 2026
// 同步 ID: 19680b31 @ Wed Jul 29 11:22:39 UTC 2026
// 同步 ID: bba05188 @ Thu Jul 30 00:31:49 UTC 2026
// 同步 ID: 431a6e1e @ Sat Aug  1 13:29:33 UTC 2026
// 重构日志: cd515e1c
// 重构日志: 04d5c4a2
// 重构日志: c6a848f5
// 重构日志: 5163997f
// 重构日志: 8c9ac407
// 重构日志: 2e371f8d
// 重构日志: b60377bd
// 重构日志: 03ff6983
// 同步 ID: 72f88c94 @ Thu Aug  6 02:00:29 UTC 2026
// 同步 ID: 3f19c3f6 @ Thu Aug  6 08:16:05 UTC 2026
// 重构日志: c6e3d8be
// 重构日志: a5137ba7
// 重构日志: 1161e3a6
// 同步 ID: 953e81fa @ Thu Aug  6 23:33:55 UTC 2026
// 重构日志: c2a99d7e
// 同步 ID: df18098a @ Fri Aug  7 12:04:47 UTC 2026
// 同步 ID: 8b84998a @ Fri Aug  7 12:51:21 UTC 2026
// 同步 ID: a6d368ec @ Fri Aug  7 15:48:36 UTC 2026
// 同步 ID: eb688556 @ Fri Aug  7 18:23:34 UTC 2026
